[debug] [2026-10-08T07:06:48.145Z] ----------------------------------------------------------------------
[debug] [2026-10-08T07:06:48.154Z] Command:       C:\Program Files\nodejs\node.exe C:\Users\Parvej\AppData\Roaming\npm\node_modules\firebase-tools\lib\bin\firebase.js projects:list --json
[debug] [2026-10-08T07:06:48.155Z] CLI Version:   15.33.0
[debug] [2026-10-08T07:06:48.155Z] Platform:      win32
[debug] [2026-10-08T07:06:48.155Z] Node Version:  v24.12.0
[debug] [2026-10-08T07:06:48.155Z] Detected Agent: codex_cli
[debug] [2026-10-08T07:06:48.155Z] Time:          Thu Oct 08 2026 13:06:48 GMT+0600 (Bangladesh Standard Time)
[debug] [2026-10-08T07:06:48.155Z] ----------------------------------------------------------------------
[debug] 
[debug] [2026-10-08T07:06:48.398Z] > command requires scopes: ["email","openid","https://www.googleapis.com/auth/cloudplatformprojects.readonly","https://www.googleapis.com/auth/firebase","https://www.googleapis.com/auth/cloud-platform"]
[debug] [2026-10-08T07:06:48.398Z] > authorizing via signed-in user (fahmidmunshi2004@gmail.com)
[debug] [2026-10-08T07:06:48.413Z] Checked if tokens are valid: true, expires at: 1791446511861
[debug] [2026-10-08T07:06:48.413Z] Checked if tokens are valid: true, expires at: 1791446511861
[debug] [2026-10-08T07:06:48.414Z] >>> [apiv2][query] GET https://firebase.googleapis.com/v1beta1/projects pageSize=1000
[debug] [2026-10-08T07:06:49.377Z] <<< [apiv2][status] GET https://firebase.googleapis.com/v1beta1/projects 200
[debug] [2026-10-08T07:06:49.377Z] <<< [apiv2][body] GET https://firebase.googleapis.com/v1beta1/projects [omitted]
[info] ┌──────────────────────┬────────────────────────────┬────────────────┬──────────────────────┐
│ Project Display Name │ Project ID                 │ Project Number │ Resource Location ID │
├──────────────────────┼────────────────────────────┼────────────────┼──────────────────────┤
│ saving-app           │ saving-app-da3b7 (current) │ 989914118071   │ [Not specified]      │
└──────────────────────┴────────────────────────────┴────────────────┴──────────────────────┘
[info] 
[info] 1 project(s) total.
[debug] [2026-10-08T07:06:51.807Z] ----------------------------------------------------------------------
[debug] [2026-10-08T07:06:51.810Z] Command:       C:\Program Files\nodejs\node.exe C:\Users\Parvej\AppData\Roaming\npm\node_modules\firebase-tools\lib\bin\firebase.js functions:list --project saving-app-da3b7 --json
[debug] [2026-10-08T07:06:51.810Z] CLI Version:   15.33.0
[debug] [2026-10-08T07:06:51.810Z] Platform:      win32
[debug] [2026-10-08T07:06:51.810Z] Node Version:  v24.12.0
[debug] [2026-10-08T07:06:51.810Z] Detected Agent: codex_cli
[debug] [2026-10-08T07:06:51.810Z] Time:          Thu Oct 08 2026 13:06:51 GMT+0600 (Bangladesh Standard Time)
[debug] [2026-10-08T07:06:51.810Z] ----------------------------------------------------------------------
[debug] 
[debug] [2026-10-08T07:06:52.858Z] > command requires scopes: ["email","openid","https://www.googleapis.com/auth/cloudplatformprojects.readonly","https://www.googleapis.com/auth/firebase","https://www.googleapis.com/auth/cloud-platform"]
[debug] [2026-10-08T07:06:52.859Z] > authorizing via signed-in user (fahmidmunshi2004@gmail.com)
[debug] [2026-10-08T07:06:52.859Z] [iam] checking project saving-app-da3b7 for permissions ["cloudfunctions.functions.list","firebase.projects.get","run.services.list"]
[debug] [2026-10-08T07:06:52.878Z] Checked if tokens are valid: true, expires at: 1791446511861
[debug] [2026-10-08T07:06:52.878Z] Checked if tokens are valid: true, expires at: 1791446511861
[debug] [2026-10-08T07:06:52.879Z] >>> [apiv2][query] POST https://cloudresourcemanager.googleapis.com/v1/projects/saving-app-da3b7:testIamPermissions [none]
[debug] [2026-10-08T07:06:52.880Z] >>> [apiv2][(partial)header] POST https://cloudresourcemanager.googleapis.com/v1/projects/saving-app-da3b7:testIamPermissions  x-goog-user-project=saving-app-da3b7
[debug] [2026-10-08T07:06:52.880Z] >>> [apiv2][body] POST https://cloudresourcemanager.googleapis.com/v1/projects/saving-app-da3b7:testIamPermissions {"permissions":["cloudfunctions.functions.list","firebase.projects.get","run.services.list"]}
[debug] [2026-10-08T07:06:54.590Z] <<< [apiv2][status] POST https://cloudresourcemanager.googleapis.com/v1/projects/saving-app-da3b7:testIamPermissions 200
[debug] [2026-10-08T07:06:54.590Z] <<< [apiv2][body] POST https://cloudresourcemanager.googleapis.com/v1/projects/saving-app-da3b7:testIamPermissions {"permissions":["cloudfunctions.functions.list","firebase.projects.get","run.services.list"]}
[debug] [2026-10-08T07:06:54.591Z] Checked if tokens are valid: true, expires at: 1791446511861
[debug] [2026-10-08T07:06:54.591Z] Checked if tokens are valid: true, expires at: 1791446511861
[debug] [2026-10-08T07:06:54.591Z] >>> [apiv2][query] GET https://cloudfunctions.googleapis.com/v1/projects/saving-app-da3b7/locations/-/functions [none]
[debug] [2026-10-08T07:06:55.609Z] <<< [apiv2][status] GET https://cloudfunctions.googleapis.com/v1/projects/saving-app-da3b7/locations/-/functions 200
[debug] [2026-10-08T07:06:55.609Z] <<< [apiv2][body] GET https://cloudfunctions.googleapis.com/v1/projects/saving-app-da3b7/locations/-/functions {}
[debug] [2026-10-08T07:06:55.609Z] Checked if tokens are valid: true, expires at: 1791446511861
[debug] [2026-10-08T07:06:55.609Z] Checked if tokens are valid: true, expires at: 1791446511861
[debug] [2026-10-08T07:06:55.609Z] >>> [apiv2][query] GET https://cloudfunctions.googleapis.com/v2/projects/saving-app-da3b7/locations/-/functions filter=environment%3D%22GEN_2%22
[debug] [2026-10-08T07:06:57.416Z] <<< [apiv2][status] GET https://cloudfunctions.googleapis.com/v2/projects/saving-app-da3b7/locations/-/functions 200
[debug] [2026-10-08T07:06:57.416Z] <<< [apiv2][body] GET https://cloudfunctions.googleapis.com/v2/projects/saving-app-da3b7/locations/-/functions {}
[info] No functions found in project saving-app-da3b7.
[debug] [2026-10-08T07:07:53.285Z] ----------------------------------------------------------------------
[debug] [2026-10-08T07:07:53.289Z] Command:       C:\Program Files\nodejs\node.exe C:\Users\Parvej\AppData\Roaming\npm\node_modules\firebase-tools\lib\bin\firebase.js functions:secrets:set FIREBASE_WEB_API_KEY --data-file - --project saving-app-da3b7 --non-interactive
[debug] [2026-10-08T07:07:53.289Z] CLI Version:   15.33.0
[debug] [2026-10-08T07:07:53.289Z] Platform:      win32
[debug] [2026-10-08T07:07:53.290Z] Node Version:  v24.12.0
[debug] [2026-10-08T07:07:53.290Z] Detected Agent: codex_cli
[debug] [2026-10-08T07:07:53.291Z] Time:          Thu Oct 08 2026 13:07:53 GMT+0600 (Bangladesh Standard Time)
[debug] [2026-10-08T07:07:53.291Z] ----------------------------------------------------------------------
[debug] 
[debug] [2026-10-08T07:07:53.550Z] > command requires scopes: ["email","openid","https://www.googleapis.com/auth/cloudplatformprojects.readonly","https://www.googleapis.com/auth/firebase","https://www.googleapis.com/auth/cloud-platform"]
[debug] [2026-10-08T07:07:53.551Z] > authorizing via signed-in user (fahmidmunshi2004@gmail.com)
[debug] [2026-10-08T07:07:53.565Z] Checked if tokens are valid: true, expires at: 1791446511861
[debug] [2026-10-08T07:07:53.565Z] Checked if tokens are valid: true, expires at: 1791446511861
[debug] [2026-10-08T07:07:53.567Z] >>> [apiv2][query] GET https://serviceusage.googleapis.com/v1/projects/saving-app-da3b7/services/secretmanager.googleapis.com [none]
[debug] [2026-10-08T07:07:53.568Z] >>> [apiv2][(partial)header] GET https://serviceusage.googleapis.com/v1/projects/saving-app-da3b7/services/secretmanager.googleapis.com  x-goog-user-project=saving-app-da3b7
[debug] [2026-10-08T07:07:55.454Z] <<< [apiv2][status] GET https://serviceusage.googleapis.com/v1/projects/saving-app-da3b7/services/secretmanager.googleapis.com 200
[debug] [2026-10-08T07:07:55.454Z] <<< [apiv2][body] GET https://serviceusage.googleapis.com/v1/projects/saving-app-da3b7/services/secretmanager.googleapis.com [omitted]
[debug] [2026-10-08T07:07:55.455Z] Checked if tokens are valid: true, expires at: 1791446511861
[debug] [2026-10-08T07:07:55.455Z] Checked if tokens are valid: true, expires at: 1791446511861
[debug] [2026-10-08T07:07:55.456Z] >>> [apiv2][query] POST https://serviceusage.googleapis.com/v1/projects/saving-app-da3b7/services/secretmanager.googleapis.com:enable [none]
[debug] [2026-10-08T07:07:55.456Z] >>> [apiv2][(partial)header] POST https://serviceusage.googleapis.com/v1/projects/saving-app-da3b7/services/secretmanager.googleapis.com:enable  x-goog-user-project=saving-app-da3b7
[debug] [2026-10-08T07:07:57.203Z] <<< [apiv2][status] POST https://serviceusage.googleapis.com/v1/projects/saving-app-da3b7/services/secretmanager.googleapis.com:enable 400
[debug] [2026-10-08T07:07:57.204Z] <<< [apiv2][body] POST https://serviceusage.googleapis.com/v1/projects/saving-app-da3b7/services/secretmanager.googleapis.com:enable [omitted]
[error] 
[error] Error: Your project saving-app-da3b7 must be on the Blaze (pay-as-you-go) plan to complete this command. Required API secretmanager.googleapis.com can't be enabled until the upgrade is complete. To upgrade, visit the following URL:

https://console.firebase.google.com/project/saving-app-da3b7/usage/details
